// Vitest Snapshot v1, https://vitest.dev/guide/snapshot.html

exports[`encryption > Hash algorithm should not have changed 1`] = `
{
  "alg": "A256GCM",
  "ext": true,
  "k": "FnN51e8RqqZsg6lRbPk5yHIA_GSV43xYHJD6CWOlgoM",
  "key_ops": [
    "encrypt",
    "decrypt",
  ],
  "kty": "oct",
}
`;
